2026-05-05T19:45:31.465-04:00  INFO 25076 --- [users] [main] cl.duoc.kiosco.users.UsersApplication    : Starting UsersApplication using Java 21.0.1 with PID 25076 (C:\Users\Cetecom\IdeaProjects\demo-users\target\classes started by Cetecom in C:\Users\Cetecom\IdeaProjects\demo-users)
2026-05-05T19:45:31.469-04:00 DEBUG 25076 --- [users] [main] cl.duoc.kiosco.users.UsersApplication    : Running with Spring Boot v4.0.6, Spring v7.0.7
2026-05-05T19:45:31.470-04:00  INFO 25076 --- [users] [main] cl.duoc.kiosco.users.UsersApplication    : No active profile set, falling back to 1 default profile: "default"
2026-05-05T19:45:35.529-04:00  WARN 25076 --- [users] [main] org.hibernate.orm.core                   : HHH000511: The 5.5.5 version for [org.hibernate.dialect.MySQLDialect] is no longer supported, hence certain features may not work properly.The minimum supported version is 8.0.0. Check the community dialects project for available legacy versions.
2026-05-05T19:45:35.533-04:00  WARN 25076 --- [users] [main] org.hibernate.orm.deprecation            : HHH90000025: MySQLDialect does not need to be specified explicitly using 'hibernate.dialect' (remove the property setting and it will be selected by default)
2026-05-05T19:45:36.609-04:00  WARN 25076 --- [users] [main] JpaBaseConfiguration$JpaWebConfiguration : spring.jpa.open-in-view is enabled by default. Therefore, database queries may be performed during view rendering. Explicitly configure spring.jpa.open-in-view to disable this warning
2026-05-05T19:45:36.754-04:00 DEBUG 25076 --- [users] [main] s.w.s.m.m.a.RequestMappingHandlerMapping : 7 mappings in 'requestMappingHandlerMapping'
2026-05-05T19:45:36.786-04:00 DEBUG 25076 --- [users] [main] o.s.w.s.handler.SimpleUrlHandlerMapping  : Patterns [/webjars/**, /**] in 'resourceHandlerMapping'
2026-05-05T19:45:36.815-04:00 DEBUG 25076 --- [users] [main] s.w.s.m.m.a.RequestMappingHandlerAdapter : ControllerAdvice beans: 0 @ModelAttribute, 0 @InitBinder, 2 RequestBodyAdvice, 1 ResponseBodyAdvice
2026-05-05T19:45:36.868-04:00 DEBUG 25076 --- [users] [main] .m.m.a.ExceptionHandlerExceptionResolver : ControllerAdvice beans: 1 @ExceptionHandler, 1 ResponseBodyAdvice
2026-05-05T19:45:36.994-04:00  INFO 25076 --- [users] [main] cl.duoc.kiosco.users.UsersApplication    : Started UsersApplication in 6.245 seconds (process running for 6.949)
2026-05-05T19:48:26.145-04:00  INFO 25096 --- [users] [main] cl.duoc.kiosco.users.UsersApplication    : Starting UsersApplication using Java 21.0.1 with PID 25096 (C:\Users\Cetecom\IdeaProjects\demo-users\target\classes started by Cetecom in C:\Users\Cetecom\IdeaProjects\demo-users)
2026-05-05T19:48:26.148-04:00 DEBUG 25096 --- [users] [main] cl.duoc.kiosco.users.UsersApplication    : Running with Spring Boot v4.0.6, Spring v7.0.7
2026-05-05T19:48:26.150-04:00  INFO 25096 --- [users] [main] cl.duoc.kiosco.users.UsersApplication    : No active profile set, falling back to 1 default profile: "default"
2026-05-05T19:48:29.394-04:00  WARN 25096 --- [users] [main] org.hibernate.orm.core                   : HHH000511: The 5.5.5 version for [org.hibernate.dialect.MySQLDialect] is no longer supported, hence certain features may not work properly.The minimum supported version is 8.0.0. Check the community dialects project for available legacy versions.
2026-05-05T19:48:29.401-04:00  WARN 25096 --- [users] [main] org.hibernate.orm.deprecation            : HHH90000025: MySQLDialect does not need to be specified explicitly using 'hibernate.dialect' (remove the property setting and it will be selected by default)
2026-05-05T19:48:30.828-04:00  WARN 25096 --- [users] [main] JpaBaseConfiguration$JpaWebConfiguration : spring.jpa.open-in-view is enabled by default. Therefore, database queries may be performed during view rendering. Explicitly configure spring.jpa.open-in-view to disable this warning
2026-05-05T19:48:30.960-04:00 DEBUG 25096 --- [users] [main] s.w.s.m.m.a.RequestMappingHandlerMapping : 7 mappings in 'requestMappingHandlerMapping'
2026-05-05T19:48:30.984-04:00 DEBUG 25096 --- [users] [main] o.s.w.s.handler.SimpleUrlHandlerMapping  : Patterns [/webjars/**, /**] in 'resourceHandlerMapping'
2026-05-05T19:48:31.006-04:00 DEBUG 25096 --- [users] [main] s.w.s.m.m.a.RequestMappingHandlerAdapter : ControllerAdvice beans: 0 @ModelAttribute, 0 @InitBinder, 2 RequestBodyAdvice, 1 ResponseBodyAdvice
2026-05-05T19:48:31.057-04:00 DEBUG 25096 --- [users] [main] .m.m.a.ExceptionHandlerExceptionResolver : ControllerAdvice beans: 1 @ExceptionHandler, 1 ResponseBodyAdvice
2026-05-05T19:48:31.178-04:00  WARN 25096 --- [users] [main] ConfigServletWebServerApplicationContext : Exception encountered during context initialization - cancelling refresh attempt: org.springframework.context.ApplicationContextException: Failed to start bean 'webServerStartStop'
2026-05-05T19:48:31.207-04:00 ERROR 25096 --- [users] [main] o.s.b.d.LoggingFailureAnalysisReporter   : 

***************************
APPLICATION FAILED TO START
***************************

Description:

Web server failed to start. Port 8080 was already in use.

Action:

Identify and stop the process that's listening on port 8080 or configure this application to listen on another port.

2026-05-05T19:51:57.551-04:00  INFO 27840 --- [users] [main] cl.duoc.kiosco.users.UsersApplication    : Starting UsersApplication using Java 21.0.1 with PID 27840 (C:\Users\Cetecom\IdeaProjects\demo-users\target\classes started by Cetecom in C:\Users\Cetecom\IdeaProjects\demo-users)
2026-05-05T19:51:57.554-04:00 DEBUG 27840 --- [users] [main] cl.duoc.kiosco.users.UsersApplication    : Running with Spring Boot v4.0.6, Spring v7.0.7
2026-05-05T19:51:57.554-04:00  INFO 27840 --- [users] [main] cl.duoc.kiosco.users.UsersApplication    : No active profile set, falling back to 1 default profile: "default"
2026-05-05T19:52:00.384-04:00  WARN 27840 --- [users] [main] org.hibernate.orm.core                   : HHH000511: The 5.5.5 version for [org.hibernate.dialect.MySQLDialect] is no longer supported, hence certain features may not work properly.The minimum supported version is 8.0.0. Check the community dialects project for available legacy versions.
2026-05-05T19:52:00.387-04:00  WARN 27840 --- [users] [main] org.hibernate.orm.deprecation            : HHH90000025: MySQLDialect does not need to be specified explicitly using 'hibernate.dialect' (remove the property setting and it will be selected by default)
2026-05-05T19:52:01.362-04:00  WARN 27840 --- [users] [main] JpaBaseConfiguration$JpaWebConfiguration : spring.jpa.open-in-view is enabled by default. Therefore, database queries may be performed during view rendering. Explicitly configure spring.jpa.open-in-view to disable this warning
2026-05-05T19:52:01.485-04:00 DEBUG 27840 --- [users] [main] s.w.s.m.m.a.RequestMappingHandlerMapping : 7 mappings in 'requestMappingHandlerMapping'
2026-05-05T19:52:01.509-04:00 DEBUG 27840 --- [users] [main] o.s.w.s.handler.SimpleUrlHandlerMapping  : Patterns [/webjars/**, /**] in 'resourceHandlerMapping'
2026-05-05T19:52:01.532-04:00 DEBUG 27840 --- [users] [main] s.w.s.m.m.a.RequestMappingHandlerAdapter : ControllerAdvice beans: 0 @ModelAttribute, 0 @InitBinder, 2 RequestBodyAdvice, 1 ResponseBodyAdvice
2026-05-05T19:52:01.574-04:00 DEBUG 27840 --- [users] [main] .m.m.a.ExceptionHandlerExceptionResolver : ControllerAdvice beans: 1 @ExceptionHandler, 1 ResponseBodyAdvice
2026-05-05T19:52:01.694-04:00  INFO 27840 --- [users] [main] cl.duoc.kiosco.users.UsersApplication    : Started UsersApplication in 4.622 seconds (process running for 5.417)
2026-05-05T19:52:41.245-04:00  INFO 27840 --- [users] [http-nio-8081-exec-9] o.s.web.servlet.DispatcherServlet        : Initializing Servlet 'dispatcherServlet'
2026-05-05T19:52:41.246-04:00 DEBUG 27840 --- [users] [http-nio-8081-exec-9] o.s.web.servlet.DispatcherServlet        : Detected StandardServletMultipartResolver
2026-05-05T19:52:41.246-04:00 DEBUG 27840 --- [users] [http-nio-8081-exec-9] o.s.web.servlet.DispatcherServlet        : Detected AcceptHeaderLocaleResolver
2026-05-05T19:52:41.248-04:00 DEBUG 27840 --- [users] [http-nio-8081-exec-9] o.s.web.servlet.DispatcherServlet        : Detected org.springframework.web.servlet.view.DefaultRequestToViewNameTranslator@73eaae1e
2026-05-05T19:52:41.249-04:00 DEBUG 27840 --- [users] [http-nio-8081-exec-9] o.s.web.servlet.DispatcherServlet        : Detected org.springframework.web.servlet.support.SessionFlashMapManager@1a7f2d34
2026-05-05T19:52:41.249-04:00 DEBUG 27840 --- [users] [http-nio-8081-exec-9] o.s.web.servlet.DispatcherServlet        : enableLoggingRequestDetails='false': request parameters and headers will be masked to prevent unsafe logging of potentially sensitive data
2026-05-05T19:52:41.249-04:00  INFO 27840 --- [users] [http-nio-8081-exec-9] o.s.web.servlet.DispatcherServlet        : Completed initialization in 3 ms
2026-05-05T19:52:41.258-04:00 DEBUG 27840 --- [users] [http-nio-8081-exec-9] o.s.web.servlet.DispatcherServlet        : POST "/users/api/v1/users", parameters={}
2026-05-05T19:52:41.272-04:00 DEBUG 27840 --- [users] [http-nio-8081-exec-9] s.w.s.m.m.a.RequestMappingHandlerMapping : Mapped to cl.duoc.kiosco.users.controller.UserController#postUser(UserRequestDTO)
2026-05-05T19:52:41.371-04:00 DEBUG 27840 --- [users] [http-nio-8081-exec-9] m.m.a.RequestResponseBodyMethodProcessor : Read "application/json;charset=UTF-8" to [UserRequestDTO(email=donkiwi2@rampmaster.dev)]
2026-05-05T19:52:41.380-04:00 DEBUG 27840 --- [users] [http-nio-8081-exec-9] c.duoc.kiosco.users.service.UserService  : Se inicia la creación de la entidad de respaldo
2026-05-05T19:52:41.502-04:00 DEBUG 27840 --- [users] [http-nio-8081-exec-9] o.s.w.s.m.m.a.HttpEntityMethodProcessor  : Using 'application/json', given [*/*] and supported [application/json, application/*+json]
2026-05-05T19:52:41.503-04:00 DEBUG 27840 --- [users] [http-nio-8081-exec-9] o.s.w.s.m.m.a.HttpEntityMethodProcessor  : Writing [UserResponseDTO(id=3, email=donkiwi2@rampmaster.dev)]
2026-05-05T19:52:41.533-04:00 DEBUG 27840 --- [users] [http-nio-8081-exec-9] o.s.web.servlet.DispatcherServlet        : Completed 201 CREATED
2026-05-05T19:55:08.966-04:00  INFO 20468 --- [users] [main] cl.duoc.kiosco.users.UsersApplication    : Starting UsersApplication using Java 21.0.1 with PID 20468 (C:\Users\Cetecom\IdeaProjects\demo-users\target\classes started by Cetecom in C:\Users\Cetecom\IdeaProjects\demo-users)
2026-05-05T19:55:08.968-04:00 DEBUG 20468 --- [users] [main] cl.duoc.kiosco.users.UsersApplication    : Running with Spring Boot v4.0.6, Spring v7.0.7
2026-05-05T19:55:08.969-04:00  INFO 20468 --- [users] [main] cl.duoc.kiosco.users.UsersApplication    : No active profile set, falling back to 1 default profile: "default"
2026-05-05T19:55:11.717-04:00  WARN 20468 --- [users] [main] org.hibernate.orm.core                   : HHH000511: The 5.5.5 version for [org.hibernate.dialect.MySQLDialect] is no longer supported, hence certain features may not work properly.The minimum supported version is 8.0.0. Check the community dialects project for available legacy versions.
2026-05-05T19:55:11.720-04:00  WARN 20468 --- [users] [main] org.hibernate.orm.deprecation            : HHH90000025: MySQLDialect does not need to be specified explicitly using 'hibernate.dialect' (remove the property setting and it will be selected by default)
2026-05-05T19:55:12.757-04:00  WARN 20468 --- [users] [main] JpaBaseConfiguration$JpaWebConfiguration : spring.jpa.open-in-view is enabled by default. Therefore, database queries may be performed during view rendering. Explicitly configure spring.jpa.open-in-view to disable this warning
2026-05-05T19:55:12.885-04:00 DEBUG 20468 --- [users] [main] s.w.s.m.m.a.RequestMappingHandlerMapping : 7 mappings in 'requestMappingHandlerMapping'
2026-05-05T19:55:12.910-04:00 DEBUG 20468 --- [users] [main] o.s.w.s.handler.SimpleUrlHandlerMapping  : Patterns [/webjars/**, /**] in 'resourceHandlerMapping'
2026-05-05T19:55:12.934-04:00 DEBUG 20468 --- [users] [main] s.w.s.m.m.a.RequestMappingHandlerAdapter : ControllerAdvice beans: 0 @ModelAttribute, 0 @InitBinder, 2 RequestBodyAdvice, 1 ResponseBodyAdvice
2026-05-05T19:55:12.988-04:00 DEBUG 20468 --- [users] [main] .m.m.a.ExceptionHandlerExceptionResolver : ControllerAdvice beans: 1 @ExceptionHandler, 1 ResponseBodyAdvice
2026-05-05T19:55:13.114-04:00  INFO 20468 --- [users] [main] cl.duoc.kiosco.users.UsersApplication    : Started UsersApplication in 4.612 seconds (process running for 5.291)
2026-05-05T19:58:12.649-04:00  INFO 20468 --- [users] [http-nio-8081-exec-3] o.s.web.servlet.DispatcherServlet        : Initializing Servlet 'dispatcherServlet'
2026-05-05T19:58:12.650-04:00 DEBUG 20468 --- [users] [http-nio-8081-exec-3] o.s.web.servlet.DispatcherServlet        : Detected StandardServletMultipartResolver
2026-05-05T19:58:12.650-04:00 DEBUG 20468 --- [users] [http-nio-8081-exec-3] o.s.web.servlet.DispatcherServlet        : Detected AcceptHeaderLocaleResolver
2026-05-05T19:58:12.651-04:00 DEBUG 20468 --- [users] [http-nio-8081-exec-3] o.s.web.servlet.DispatcherServlet        : Detected org.springframework.web.servlet.view.DefaultRequestToViewNameTranslator@73eaae1e
2026-05-05T19:58:12.652-04:00 DEBUG 20468 --- [users] [http-nio-8081-exec-3] o.s.web.servlet.DispatcherServlet        : Detected org.springframework.web.servlet.support.SessionFlashMapManager@1a7f2d34
2026-05-05T19:58:12.652-04:00 DEBUG 20468 --- [users] [http-nio-8081-exec-3] o.s.web.servlet.DispatcherServlet        : enableLoggingRequestDetails='false': request parameters and headers will be masked to prevent unsafe logging of potentially sensitive data
2026-05-05T19:58:12.653-04:00  INFO 20468 --- [users] [http-nio-8081-exec-3] o.s.web.servlet.DispatcherServlet        : Completed initialization in 4 ms
2026-05-05T19:58:12.662-04:00 DEBUG 20468 --- [users] [http-nio-8081-exec-3] o.s.web.servlet.DispatcherServlet        : POST "/api/v1/users", parameters={}
2026-05-05T19:58:12.674-04:00 DEBUG 20468 --- [users] [http-nio-8081-exec-3] s.w.s.m.m.a.RequestMappingHandlerMapping : Mapped to cl.duoc.kiosco.users.controller.UserController#postUser(UserRequestDTO)
2026-05-05T19:58:12.772-04:00 DEBUG 20468 --- [users] [http-nio-8081-exec-3] m.m.a.RequestResponseBodyMethodProcessor : Read "application/json;charset=UTF-8" to [UserRequestDTO(email=donkiwi3@rampmaster.dev)]
2026-05-05T19:58:12.781-04:00 ERROR 20468 --- [users] [http-nio-8081-exec-3] c.duoc.kiosco.users.service.UserService  : Se inicia la creación de la entidad de respaldo
2026-05-05T19:58:12.866-04:00 DEBUG 20468 --- [users] [http-nio-8081-exec-3] o.s.w.s.m.m.a.HttpEntityMethodProcessor  : Using 'application/json', given [*/*] and supported [application/json, application/*+json]
2026-05-05T19:58:12.867-04:00 DEBUG 20468 --- [users] [http-nio-8081-exec-3] o.s.w.s.m.m.a.HttpEntityMethodProcessor  : Writing [UserResponseDTO(id=4, email=donkiwi3@rampmaster.dev)]
2026-05-05T19:58:12.893-04:00 DEBUG 20468 --- [users] [http-nio-8081-exec-3] o.s.web.servlet.DispatcherServlet        : Completed 201 CREATED
